1
0
1
ASSEMBLY
3
PART-1
PART-1
WALL-1
WALL
WALL-2
WALL
3
PART-1
14
-2147483646
0
48 1 16 5 0 1 0 -1 -1 44934 1 -1879048189 1 44934 
14
48 1 16 5 0 1 0 -1 -1 44934 1 -1879048189 1 44934 
WALL-1
83
44935 1
44936 2
44937 3
44938 4
44939 5
44940 6
44941 7
44942 8
44943 9
44944 10
44945 11
44946 12
44947 13
44948 14
44949 15
44950 16
44951 17
44952 18
44953 19
44954 20
44955 21
44956 22
44957 23
44958 24
44959 25
44960 26
44961 27
44962 28
44963 29
44964 30
44965 31
44966 32
44967 33
44968 34
44969 35
44970 36
44971 37
44972 38
44973 39
44974 40
44975 41
44976 42
44977 43
44978 44
44979 45
44980 46
44981 47
44982 48
44983 49
44984 50
44985 51
44986 52
44987 53
44988 54
44989 55
44990 56
44991 57
44992 58
44993 59
44994 60
44995 61
44996 62
44997 63
44998 64
44999 65
45000 66
45001 67
45002 68
45003 69
45004 70
45005 71
45006 72
45007 73
45008 74
45009 75
45010 76
45011 77
45012 78
45013 79
45014 80
45015 81
45016 82
45017 83
-2147483647
WALL-2
83
45018 1
45019 2
45020 3
45021 4
45022 5
45023 6
45024 7
45025 8
45026 9
45027 10
45028 11
45029 12
45030 13
45031 14
45032 15
45033 16
45034 17
45035 18
45036 19
45037 20
45038 21
45039 22
45040 23
45041 24
45042 25
45043 26
45044 27
45045 28
45046 29
45047 30
45048 31
45049 32
45050 33
45051 34
45052 35
45053 36
45054 37
45055 38
45056 39
45057 40
45058 41
45059 42
45060 43
45061 44
45062 45
45063 46
45064 47
45065 48
45066 49
45067 50
45068 51
45069 52
45070 53
45071 54
45072 55
45073 56
45074 57
45075 58
45076 59
45077 60
45078 61
45079 62
45080 63
45081 64
45082 65
45083 66
45084 67
45085 68
45086 69
45087 70
45088 71
45089 72
45090 73
45091 74
45092 75
45093 76
45094 77
45095 78
45096 79
45097 80
45098 81
45099 82
45100 83
-2147483647
0
3
PART-1
14
-2147483646
0
48 1 16 5 0 1 0 -1 -1 36650 1 -1879048189 1 36650 
14
48 1 16 5 0 1 0 -1 -1 36650 1 -1879048189 1 36650 
WALL-1
40
36651 1
36652 2
36653 3
36654 4
36655 5
36656 6
36657 7
36658 8
36659 9
36660 10
36661 11
36662 12
36663 13
36664 14
36665 15
36666 16
36667 17
36668 18
36669 19
36670 20
36671 21
36672 22
36673 23
36674 24
36675 25
36676 26
36677 27
36678 28
36679 29
36680 30
36681 31
36682 32
36683 33
36684 34
36685 35
36686 36
36687 37
36688 38
36689 39
36690 40
-2147483647
WALL-2
40
36691 1
36692 2
36693 3
36694 4
36695 5
36696 6
36697 7
36698 8
36699 9
36700 10
36701 11
36702 12
36703 13
36704 14
36705 15
36706 16
36707 17
36708 18
36709 19
36710 20
36711 21
36712 22
36713 23
36714 24
36715 25
36716 26
36717 27
36718 28
36719 29
36720 30
36721 31
36722 32
36723 33
36724 34
36725 35
36726 36
36727 37
36728 38
36729 39
36730 40
-2147483647
0
1
 PIBATCH
0
2
0
3
PART-1
14
-2147483647
48 1 16 5 0 1 0 -1 -1 36650 1 -1879048189 1 36650 
WALL-1
40
36651 36652 36653 36654 36655 36656 36657 36658 36659 36660 36661 36662 36663 36664 36665 36666 36667 36668 36669 36670 36671 36672 36673 36674 36675 36676 36677 36678 36679 36680 36681 36682 36683 36684 36685 36686 36687 36688 36689 36690 
WALL-2
40
36691 36692 36693 36694 36695 36696 36697 36698 36699 36700 36701 36702 36703 36704 36705 36706 36707 36708 36709 36710 36711 36712 36713 36714 36715 36716 36717 36718 36719 36720 36721 36722 36723 36724 36725 36726 36727 36728 36729 36730 
0
3
PART-1
23
 P       1 PIBATCH
0
2
14
-2147483647
48 1 16 5 0 1 0 -1 -1 36650 1 -1879048189 1 36650 
0
0
BACK
0
1
17
-2147483647
60 1 16 8 0 1 0 -1 -1 7330 2 -1879048188 -1879048186 1 1554 30875 5776 
0
0
BOTTOM
0
1
255
1 223 445 667 889 1111 1333 1555 1777 1999 2221 2443 2665 2887 3109 3331 3553 3775 3997 4219 4441 4663 4885 5107 5329 5551 5773 5995 6217 6439 6661 6883 7105 7327 7549 7809 7810 7811 7813 7814 7816 7818 7819 7822 7824 7826 7829 7885 7886 7887 7890 7996 7999 8000 8002 8003 8004 8005 8006 8007 8008 8009 8010 8011 8012 8013 8014 8015 8016 8017 8018 8019 8020 8021 8022 8024 8026 8208 13357 13585 13586 13587 13589 13590 13592 13594 13595 13598 13600 13602 13605 13661 13662 13663 13666 13772 13775 13776 13778 13779 13780 13781 13782 13783 13784 13785 13786 13787 13788 13789 13790 13791 13792 13793 13794 13795 13796 13797 13798 13800 13802 13984 19133 19361 19362 19363 19365 19366 19368 19370 19371 19374 19376 19378 19381 19437 19438 19439 19442 19548 19551 19552 19554 19555 19556 19557 19558 19559 19560 19561 19562 19563 19564 19565 19566 19567 19568 19569 19570 19571 19572 19573 19574 19576 19578 19760 24909 25137 25138 25139 25141 25142 25144 25146 25147 25150 25152 25154 25157 25213 25214 25215 25218 25324 25327 25328 25330 25331 25332 25333 25334 25335 25336 25337 25338 25339 25340 25341 25342 25343 25344 25345 25346 25347 25348 25349 25350 25352 25354 25536 30685 30913 30914 30915 30917 30918 30920 30922 30923 30926 30928 30930 30933 30989 30990 30991 30994 31100 31103 31104 31106 31107 31108 31109 31110 31111 31112 31113 31114 31115 31116 31117 31118 31119 31120 31121 31122 31123 31124 31125 31126 31128 31130 31312 36461 
0
0
CORTEX
0
1
14
-2147483647
48 1 16 5 0 1 0 -1 -1 7770 1 -1879048189 1 7770 
0
0
CORTEX_FRONT
0
1
14
-2147483647
48 1 16 5 0 1 0 -1 -1 1554 1 -1879048189 6217 1554 
0
0
CORTEX_TOP
0
1
16
-2147483647
56 1 16 7 0 1 0 -1 -1 1110 1 -1342177277 1333 222 5 1554 
0
0
INTERFACE
0
1
46
-2147483647
176 1 16 37 0 1 0 -1 -1 444 2 -1073741820 -1073741811 6217 224 -1 -1 -1 -1 -1 -1 1073741823 7753 704 -2147483648 62838 1342234624 21 0 0 8454144 20676608 -151781376 1834994905 -957719851 -1145840214 -553977986 36541 626328640 1448257346 1699957259 1385472346 -1471004023 1411711264 751604147 8259 
0
0
INTERFACE-EDGE
0
1
46
-2147483647
176 1 16 37 0 1 0 -1 -1 444 2 -1073741820 -1073741811 6217 224 -1 -1 -1 -1 -1 -1 1073741823 7753 704 -2147483648 62838 1342234624 21 0 0 8454144 20676608 -151781376 1834994905 -957719851 -1145840214 -553977986 36541 626328640 1448257346 1699957259 1385472346 -1471004023 1411711264 751604147 8259 
0
0
SIDE-1
0
1
215
222 444 666 888 1110 1332 1554 1776 1998 2220 2442 2664 2886 3108 3330 3552 3774 3996 4218 4440 4662 4884 5106 5328 5550 5772 5994 6216 6438 6660 6882 7104 7326 7548 7770 7771 7809 7833 7861 7869 7881 7883 7995 8184 8185 8187 8188 8189 8190 8191 8192 8193 8194 8195 8196 8197 8198 8199 8200 8201 8202 8204 8205 8459 8469 8702 8703 8704 13352 13358 13360 13547 13585 13609 13637 13645 13657 13659 13771 13960 13961 13963 13964 13965 13966 13967 13968 13969 13970 13971 13972 13973 13974 13975 13976 13977 13978 13980 13981 14235 14245 14478 14479 14480 19128 19134 19136 19323 19361 19385 19413 19421 19433 19435 19547 19736 19737 19739 19740 19741 19742 19743 19744 19745 19746 19747 19748 19749 19750 19751 19752 19753 19754 19756 19757 20011 20021 20254 20255 20256 24904 24910 24912 25099 25137 25161 25189 25197 25209 25211 25323 25512 25513 25515 25516 25517 25518 25519 25520 25521 25522 25523 25524 25525 25526 25527 25528 25529 25530 25532 25533 25787 25797 26030 26031 26032 30680 30686 30688 30875 30913 30937 30965 30973 30985 30987 31099 31288 31289 31291 31292 31293 31294 31295 31296 31297 31298 31299 31300 31301 31302 31303 31304 31305 31306 31308 31309 31563 31573 31806 31807 31808 36456 36462 36464 
0
0
SIDE-2
0
1
255
1 223 445 667 889 1111 1333 1555 1777 1999 2221 2443 2665 2887 3109 3331 3553 3775 3997 4219 4441 4663 4885 5107 5329 5551 5773 5995 6217 6439 6661 6883 7105 7327 7549 7809 7810 7811 7813 7814 7816 7818 7819 7822 7824 7826 7829 7885 7886 7887 7890 7996 7999 8000 8002 8003 8004 8005 8006 8007 8008 8009 8010 8011 8012 8013 8014 8015 8016 8017 8018 8019 8020 8021 8022 8024 8026 8208 13357 13585 13586 13587 13589 13590 13592 13594 13595 13598 13600 13602 13605 13661 13662 13663 13666 13772 13775 13776 13778 13779 13780 13781 13782 13783 13784 13785 13786 13787 13788 13789 13790 13791 13792 13793 13794 13795 13796 13797 13798 13800 13802 13984 19133 19361 19362 19363 19365 19366 19368 19370 19371 19374 19376 19378 19381 19437 19438 19439 19442 19548 19551 19552 19554 19555 19556 19557 19558 19559 19560 19561 19562 19563 19564 19565 19566 19567 19568 19569 19570 19571 19572 19573 19574 19576 19578 19760 24909 25137 25138 25139 25141 25142 25144 25146 25147 25150 25152 25154 25157 25213 25214 25215 25218 25324 25327 25328 25330 25331 25332 25333 25334 25335 25336 25337 25338 25339 25340 25341 25342 25343 25344 25345 25346 25347 25348 25349 25350 25352 25354 25536 30685 30913 30914 30915 30917 30918 30920 30922 30923 30926 30928 30930 30933 30989 30990 30991 30994 31100 31103 31104 31106 31107 31108 31109 31110 31111 31112 31113 31114 31115 31116 31117 31118 31119 31120 31121 31122 31123 31124 31125 31126 31128 31130 31312 36461 
0
0
SUBCORTEX
0
1
14
-2147483647
48 1 16 5 0 1 0 -1 -1 28880 1 -1879048189 7771 28880 
0
0
SUBCORTEX_FRONT
0
1
14
-2147483647
48 1 16 5 0 1 0 -1 -1 5776 1 -1879048189 7771 5776 
0
0
TOP-EDGE
0
1
222
7549 7550 7551 7552 7553 7554 7555 7556 7557 7558 7559 7560 7561 7562 7563 7564 7565 7566 7567 7568 7569 7570 7571 7572 7573 7574 7575 7576 7577 7578 7579 7580 7581 7582 7583 7584 7585 7586 7587 7588 7589 7590 7591 7592 7593 7594 7595 7596 7597 7598 7599 7600 7601 7602 7603 7604 7605 7606 7607 7608 7609 7610 7611 7612 7613 7614 7615 7616 7617 7618 7619 7620 7621 7622 7623 7624 7625 7626 7627 7628 7629 7630 7631 7632 7633 7634 7635 7636 7637 7638 7639 7640 7641 7642 7643 7644 7645 7646 7647 7648 7649 7650 7651 7652 7653 7654 7655 7656 7657 7658 7659 7660 7661 7662 7663 7664 7665 7666 7667 7668 7669 7670 7671 7672 7673 7674 7675 7676 7677 7678 7679 7680 7681 7682 7683 7684 7685 7686 7687 7688 7689 7690 7691 7692 7693 7694 7695 7696 7697 7698 7699 7700 7701 7702 7703 7704 7705 7706 7707 7708 7709 7710 7711 7712 7713 7714 7715 7716 7717 7718 7719 7720 7721 7722 7723 7724 7725 7726 7727 7728 7729 7730 7731 7732 7733 7734 7735 7736 7737 7738 7739 7740 7741 7742 7743 7744 7745 7746 7747 7748 7749 7750 7751 7752 7753 7754 7755 7756 7757 7758 7759 7760 7761 7762 7763 7764 7765 7766 7767 7768 7769 7770 
0
0
WHOLE-DOMAIN
0
1
14
-2147483647
48 1 16 5 0 1 0 -1 -1 36650 1 -1879048189 1 36650 
0
0
_CORTEX_S_S1
0
2
14
-2147483647
48 1 16 5 0 1 0 -1 -1 1554 1 -1879048189 6217 1554 
0
0
_INTERFACE_S_S3
0
2
16
-2147483647
56 1 16 7 0 1 0 -1 -1 1110 1 -1342177277 1 222 5 1554 
0
0
_SIDE1_S_S4
0
2
95
222 444 666 888 1110 1332 1554 1776 1998 2220 2442 2664 2886 3108 3330 3552 3774 3996 4218 4440 4662 4884 5106 5328 5550 5772 5994 6216 6438 6660 6882 7104 7326 7548 7770 7809 8184 8185 8205 8459 8469 8702 8703 8704 13352 13358 13360 13585 13960 13961 13981 14235 14245 14478 14479 14480 19128 19134 19136 19361 19736 19737 19757 20011 20021 20254 20255 20256 24904 24910 24912 25137 25512 25513 25533 25787 25797 26030 26031 26032 30680 30686 30688 30913 31288 31289 31309 31563 31573 31806 31807 31808 36456 36462 36464 
0
0
_SIDE1_S_S6
0
2
120
7771 7833 7861 7869 7881 7883 7995 8187 8188 8189 8190 8191 8192 8193 8194 8195 8196 8197 8198 8199 8200 8201 8202 8204 13547 13609 13637 13645 13657 13659 13771 13963 13964 13965 13966 13967 13968 13969 13970 13971 13972 13973 13974 13975 13976 13977 13978 13980 19323 19385 19413 19421 19433 19435 19547 19739 19740 19741 19742 19743 19744 19745 19746 19747 19748 19749 19750 19751 19752 19753 19754 19756 25099 25161 25189 25197 25209 25211 25323 25515 25516 25517 25518 25519 25520 25521 25522 25523 25524 25525 25526 25527 25528 25529 25530 25532 30875 30937 30965 30973 30985 30987 31099 31291 31292 31293 31294 31295 31296 31297 31298 31299 31300 31301 31302 31303 31304 31305 31306 31308 
0
0
_SIDE2_S_S3
0
2
115
7809 7810 7811 7813 7814 7816 7818 7819 7822 7824 7886 7887 8012 8013 8014 8015 8016 8017 8018 8019 8020 8021 8208 13585 13586 13587 13589 13590 13592 13594 13595 13598 13600 13662 13663 13788 13789 13790 13791 13792 13793 13794 13795 13796 13797 13984 19361 19362 19363 19365 19366 19368 19370 19371 19374 19376 19438 19439 19564 19565 19566 19567 19568 19569 19570 19571 19572 19573 19760 25137 25138 25139 25141 25142 25144 25146 25147 25150 25152 25214 25215 25340 25341 25342 25343 25344 25345 25346 25347 25348 25349 25536 30913 30914 30915 30917 30918 30920 30922 30923 30926 30928 30990 30991 31116 31117 31118 31119 31120 31121 31122 31123 31124 31125 31312 
0
0
_SIDE2_S_S5
0
2
105
7826 7829 7885 7890 7996 7999 8000 8002 8003 8004 8005 8006 8007 8008 8009 8010 8011 8022 8024 8026 13357 13602 13605 13661 13666 13772 13775 13776 13778 13779 13780 13781 13782 13783 13784 13785 13786 13787 13798 13800 13802 19133 19378 19381 19437 19442 19548 19551 19552 19554 19555 19556 19557 19558 19559 19560 19561 19562 19563 19574 19576 19578 24909 25154 25157 25213 25218 25324 25327 25328 25330 25331 25332 25333 25334 25335 25336 25337 25338 25339 25350 25352 25354 30685 30930 30933 30989 30994 31100 31103 31104 31106 31107 31108 31109 31110 31111 31112 31113 31114 31115 31126 31128 31130 36461 
0
0
_SIDE2_S_S6
0
2
35
1 223 445 667 889 1111 1333 1555 1777 1999 2221 2443 2665 2887 3109 3331 3553 3775 3997 4219 4441 4663 4885 5107 5329 5551 5773 5995 6217 6439 6661 6883 7105 7327 7549 
0
0
_SUBCORTEX_S_S1
0
2
14
-2147483647
48 1 16 5 0 1 0 -1 -1 5776 1 -1879048189 7771 5776 
0
0
_TOP_S_S5
0
2
16
-2147483647
56 1 16 7 0 1 0 -1 -1 1110 1 -1342177277 1333 222 5 1554 
0
0
0
WALL-1
3
 P       2 PIBATCH
0
2
40
36651 36652 36653 36654 36655 36656 36657 36658 36659 36660 36661 36662 36663 36664 36665 36666 36667 36668 36669 36670 36671 36672 36673 36674 36675 36676 36677 36678 36679 36680 36681 36682 36683 36684 36685 36686 36687 36688 36689 36690 
0
0
WALL
0
1
40
36651 36652 36653 36654 36655 36656 36657 36658 36659 36660 36661 36662 36663 36664 36665 36666 36667 36668 36669 36670 36671 36672 36673 36674 36675 36676 36677 36678 36679 36680 36681 36682 36683 36684 36685 36686 36687 36688 36689 36690 
0
0
_S_WALL_SPOS
0
2
40
36651 36652 36653 36654 36655 36656 36657 36658 36659 36660 36661 36662 36663 36664 36665 36666 36667 36668 36669 36670 36671 36672 36673 36674 36675 36676 36677 36678 36679 36680 36681 36682 36683 36684 36685 36686 36687 36688 36689 36690 
0
0
0
WALL-2
3
 P       3 PIBATCH
0
2
40
36691 36692 36693 36694 36695 36696 36697 36698 36699 36700 36701 36702 36703 36704 36705 36706 36707 36708 36709 36710 36711 36712 36713 36714 36715 36716 36717 36718 36719 36720 36721 36722 36723 36724 36725 36726 36727 36728 36729 36730 
0
0
WALL
0
1
40
36691 36692 36693 36694 36695 36696 36697 36698 36699 36700 36701 36702 36703 36704 36705 36706 36707 36708 36709 36710 36711 36712 36713 36714 36715 36716 36717 36718 36719 36720 36721 36722 36723 36724 36725 36726 36727 36728 36729 36730 
0
0
_S_WALL_SPOS
0
2
40
36691 36692 36693 36694 36695 36696 36697 36698 36699 36700 36701 36702 36703 36704 36705 36706 36707 36708 36709 36710 36711 36712 36713 36714 36715 36716 36717 36718 36719 36720 36721 36722 36723 36724 36725 36726 36727 36728 36729 36730 
0
0
0
1
 PIBATCH
0
2
0
3
PART-1
14
-2147483647
48 1 16 5 0 1 0 -1 -1 44934 1 -1879048189 1 44934 
WALL-1
83
44935 44936 44937 44938 44939 44940 44941 44942 44943 44944 44945 44946 44947 44948 44949 44950 44951 44952 44953 44954 44955 44956 44957 44958 44959 44960 44961 44962 44963 44964 44965 44966 44967 44968 44969 44970 44971 44972 44973 44974 44975 44976 44977 44978 44979 44980 44981 44982 44983 44984 44985 44986 44987 44988 44989 44990 44991 44992 44993 44994 44995 44996 44997 44998 44999 45000 45001 45002 45003 45004 45005 45006 45007 45008 45009 45010 45011 45012 45013 45014 45015 45016 45017 
WALL-2
83
45018 45019 45020 45021 45022 45023 45024 45025 45026 45027 45028 45029 45030 45031 45032 45033 45034 45035 45036 45037 45038 45039 45040 45041 45042 45043 45044 45045 45046 45047 45048 45049 45050 45051 45052 45053 45054 45055 45056 45057 45058 45059 45060 45061 45062 45063 45064 45065 45066 45067 45068 45069 45070 45071 45072 45073 45074 45075 45076 45077 45078 45079 45080 45081 45082 45083 45084 45085 45086 45087 45088 45089 45090 45091 45092 45093 45094 45095 45096 45097 45098 45099 45100 
0
3
PART-1
15
 P       1 PIBATCH
0
2
14
-2147483647
48 1 16 5 0 1 0 -1 -1 44934 1 -1879048189 1 44934 
0
0
BACK
0
1
23
-2147483647
84 1 16 14 0 1 0 -1 -1 7489 4 -1879048186 -1879048184 -1879048182 -1879048180 1 4 10 455 1017 1404 11189 5626 
0
0
BOTTOM
0
1
36
-2147483647
136 1 16 27 0 1 0 -1 -1 312 8 -1610612726 -1879048179 -1879048177 -1879048175 -1879048173 -1879048171 -1879048169 -1879048167 1 2 3 7 4 459 6 913 14 935 43 1013 47 3747 24 16955 172 
0
0
CORTEX
0
1
23
-2147483647
84 1 16 14 0 1 0 -1 -1 10704 4 -1879048186 -1879048184 -1879048182 -1879048180 1 8 11 924 1095 4468 17127 5304 
0
0
CORTEX_FRONT
0
1
20
-2147483647
72 1 16 11 0 1 0 -1 -1 1784 3 -1879048187 -1879048185 -1879048183 5 4 465 454 2421 1326 
0
0
CORTEX_TOP
0
1
29
-2147483647
108 1 16 20 0 1 0 -1 -1 1338 4 -1342177274 -1342177270 -1342177266 -1879048174 3 2 2 3 238 221 2 454 919 4 2 8 4679 884 
0
0
INTERFACE
0
1
223
5 8 465 466 467 468 469 470 471 472 473 474 475 476 477 478 479 480 481 482 483 484 485 486 487 488 489 490 491 492 493 494 495 496 497 498 499 500 501 502 503 504 505 506 507 508 509 510 511 512 513 514 515 516 517 518 519 520 521 522 523 524 525 526 527 528 529 530 531 532 533 534 535 536 537 538 539 540 541 542 543 544 545 546 547 548 549 550 551 552 553 554 555 556 557 558 559 560 561 562 563 564 565 566 567 568 569 570 571 572 573 574 575 576 577 578 579 580 581 582 583 584 585 586 587 588 589 590 591 592 593 594 595 596 597 598 599 600 601 602 603 604 605 606 607 608 609 610 611 612 613 614 615 616 617 618 619 620 621 622 623 624 625 626 627 628 629 630 631 632 633 634 635 636 637 638 639 640 641 642 643 644 645 646 647 648 649 650 651 652 653 654 655 656 657 658 659 660 661 662 663 664 665 666 667 668 669 670 671 672 673 674 675 676 677 678 679 680 681 682 683 684 685 
0
0
INTERFACE-EDGE
0
1
223
5 8 465 466 467 468 469 470 471 472 473 474 475 476 477 478 479 480 481 482 483 484 485 486 487 488 489 490 491 492 493 494 495 496 497 498 499 500 501 502 503 504 505 506 507 508 509 510 511 512 513 514 515 516 517 518 519 520 521 522 523 524 525 526 527 528 529 530 531 532 533 534 535 536 537 538 539 540 541 542 543 544 545 546 547 548 549 550 551 552 553 554 555 556 557 558 559 560 561 562 563 564 565 566 567 568 569 570 571 572 573 574 575 576 577 578 579 580 581 582 583 584 585 586 587 588 589 590 591 592 593 594 595 596 597 598 599 600 601 602 603 604 605 606 607 608 609 610 611 612 613 614 615 616 617 618 619 620 621 622 623 624 625 626 627 628 629 630 631 632 633 634 635 636 637 638 639 640 641 642 643 644 645 646 647 648 649 650 651 652 653 654 655 656 657 658 659 660 661 662 663 664 665 666 667 668 669 670 671 672 673 674 675 676 677 678 679 680 681 682 683 684 685 
0
0
NODE
0
1
1
7 
0
0
SIDE-1
0
1
39
-2147483647
148 1 16 30 0 1 0 -1 -1 264 8 -1342177270 -1879048178 -1342177264 -1879048172 -1879048170 -1879048168 -1879048166 -1879048164 2 2 2 3 9 2 232 6 2 454 927 8 978 39 1060 35 3771 24 16815 140 
0
0
SIDE-2
0
1
36
-2147483647
136 1 16 27 0 1 0 -1 -1 312 8 -1610612726 -1879048179 -1879048177 -1879048175 -1879048173 -1879048171 -1879048169 -1879048167 1 2 3 7 4 459 6 913 14 935 43 1013 47 3747 24 16955 172 
0
0
SUBCORTEX
0
1
38
-2147483647
144 1 16 29 0 1 0 -1 -1 35568 9 -1879048181 -1879048179 -1879048177 -1879048175 -1879048173 -1879048171 -1879048169 -1879048167 -1879048165 1 2 5 1 8 224 465 221 923 4 931 164 3795 884 5563 11564 22431 22504 
0
0
SUBCORTEX_FRONT
0
1
26
-2147483647
96 1 16 17 0 1 0 -1 -1 5928 5 -1879048185 -1879048183 -1879048181 -1879048179 -1879048177 5 1 8 2 465 221 935 78 5563 5626 
0
0
TOP-EDGE
0
1
223
6 7 692 693 694 695 696 697 698 699 700 701 702 703 704 705 706 707 708 709 710 711 712 713 714 715 716 717 718 719 720 721 722 723 724 725 726 727 728 729 730 731 732 733 734 735 736 737 738 739 740 741 742 743 744 745 746 747 748 749 750 751 752 753 754 755 756 757 758 759 760 761 762 763 764 765 766 767 768 769 770 771 772 773 774 775 776 777 778 779 780 781 782 783 784 785 786 787 788 789 790 791 792 793 794 795 796 797 798 799 800 801 802 803 804 805 806 807 808 809 810 811 812 813 814 815 816 817 818 819 820 821 822 823 824 825 826 827 828 829 830 831 832 833 834 835 836 837 838 839 840 841 842 843 844 845 846 847 848 849 850 851 852 853 854 855 856 857 858 859 860 861 862 863 864 865 866 867 868 869 870 871 872 873 874 875 876 877 878 879 880 881 882 883 884 885 886 887 888 889 890 891 892 893 894 895 896 897 898 899 900 901 902 903 904 905 906 907 908 909 910 911 912 
0
0
WHOLE-DOMAIN
0
1
14
-2147483647
48 1 16 5 0 1 0 -1 -1 44934 1 -1879048189 1 44934 
0
0
0
WALL-1
3
 P       2 PIBATCH
0
2
83
44935 44936 44937 44938 44939 44940 44941 44942 44943 44944 44945 44946 44947 44948 44949 44950 44951 44952 44953 44954 44955 44956 44957 44958 44959 44960 44961 44962 44963 44964 44965 44966 44967 44968 44969 44970 44971 44972 44973 44974 44975 44976 44977 44978 44979 44980 44981 44982 44983 44984 44985 44986 44987 44988 44989 44990 44991 44992 44993 44994 44995 44996 44997 44998 44999 45000 45001 45002 45003 45004 45005 45006 45007 45008 45009 45010 45011 45012 45013 45014 45015 45016 45017 
0
0
REF
0
1
1
45017 
0
0
WALL-REFPT_
0
2
1
45017 
0
0
0
WALL-2
3
 P       3 PIBATCH
0
2
83
45018 45019 45020 45021 45022 45023 45024 45025 45026 45027 45028 45029 45030 45031 45032 45033 45034 45035 45036 45037 45038 45039 45040 45041 45042 45043 45044 45045 45046 45047 45048 45049 45050 45051 45052 45053 45054 45055 45056 45057 45058 45059 45060 45061 45062 45063 45064 45065 45066 45067 45068 45069 45070 45071 45072 45073 45074 45075 45076 45077 45078 45079 45080 45081 45082 45083 45084 45085 45086 45087 45088 45089 45090 45091 45092 45093 45094 45095 45096 45097 45098 45099 45100 
0
0
REF
0
1
1
45100 
0
0
WALL-REFPT_
0
2
1
45100 
0
0
0
3
PART-1
6
CORTEX_S
0
0
1
S1
14
-2147483647
48 1 16 5 0 1 0 -1 -1 1554 1 -1879048189 6217 1554 
INTERFACE_S
0
0
1
S3
16
-2147483647
56 1 16 7 0 1 0 -1 -1 1110 1 -1342177277 1 222 5 1554 
SIDE1_S
0
0
2
S6
120
7771 7833 7861 7869 7881 7883 7995 8187 8188 8189 8190 8191 8192 8193 8194 8195 8196 8197 8198 8199 8200 8201 8202 8204 13547 13609 13637 13645 13657 13659 13771 13963 13964 13965 13966 13967 13968 13969 13970 13971 13972 13973 13974 13975 13976 13977 13978 13980 19323 19385 19413 19421 19433 19435 19547 19739 19740 19741 19742 19743 19744 19745 19746 19747 19748 19749 19750 19751 19752 19753 19754 19756 25099 25161 25189 25197 25209 25211 25323 25515 25516 25517 25518 25519 25520 25521 25522 25523 25524 25525 25526 25527 25528 25529 25530 25532 30875 30937 30965 30973 30985 30987 31099 31291 31292 31293 31294 31295 31296 31297 31298 31299 31300 31301 31302 31303 31304 31305 31306 31308 
S4
95
222 444 666 888 1110 1332 1554 1776 1998 2220 2442 2664 2886 3108 3330 3552 3774 3996 4218 4440 4662 4884 5106 5328 5550 5772 5994 6216 6438 6660 6882 7104 7326 7548 7770 7809 8184 8185 8205 8459 8469 8702 8703 8704 13352 13358 13360 13585 13960 13961 13981 14235 14245 14478 14479 14480 19128 19134 19136 19361 19736 19737 19757 20011 20021 20254 20255 20256 24904 24910 24912 25137 25512 25513 25533 25787 25797 26030 26031 26032 30680 30686 30688 30913 31288 31289 31309 31563 31573 31806 31807 31808 36456 36462 36464 
SIDE2_S
0
0
3
S6
35
1 223 445 667 889 1111 1333 1555 1777 1999 2221 2443 2665 2887 3109 3331 3553 3775 3997 4219 4441 4663 4885 5107 5329 5551 5773 5995 6217 6439 6661 6883 7105 7327 7549 
S3
115
7809 7810 7811 7813 7814 7816 7818 7819 7822 7824 7886 7887 8012 8013 8014 8015 8016 8017 8018 8019 8020 8021 8208 13585 13586 13587 13589 13590 13592 13594 13595 13598 13600 13662 13663 13788 13789 13790 13791 13792 13793 13794 13795 13796 13797 13984 19361 19362 19363 19365 19366 19368 19370 19371 19374 19376 19438 19439 19564 19565 19566 19567 19568 19569 19570 19571 19572 19573 19760 25137 25138 25139 25141 25142 25144 25146 25147 25150 25152 25214 25215 25340 25341 25342 25343 25344 25345 25346 25347 25348 25349 25536 30913 30914 30915 30917 30918 30920 30922 30923 30926 30928 30990 30991 31116 31117 31118 31119 31120 31121 31122 31123 31124 31125 31312 
S5
105
7826 7829 7885 7890 7996 7999 8000 8002 8003 8004 8005 8006 8007 8008 8009 8010 8011 8022 8024 8026 13357 13602 13605 13661 13666 13772 13775 13776 13778 13779 13780 13781 13782 13783 13784 13785 13786 13787 13798 13800 13802 19133 19378 19381 19437 19442 19548 19551 19552 19554 19555 19556 19557 19558 19559 19560 19561 19562 19563 19574 19576 19578 24909 25154 25157 25213 25218 25324 25327 25328 25330 25331 25332 25333 25334 25335 25336 25337 25338 25339 25350 25352 25354 30685 30930 30933 30989 30994 31100 31103 31104 31106 31107 31108 31109 31110 31111 31112 31113 31114 31115 31126 31128 31130 36461 
SUBCORTEX_S
0
0
1
S1
14
-2147483647
48 1 16 5 0 1 0 -1 -1 5776 1 -1879048189 7771 5776 
TOP_S
0
0
1
S5
16
-2147483647
56 1 16 7 0 1 0 -1 -1 1110 1 -1342177277 1333 222 5 1554 
WALL-1
1
S_WALL
0
0
1
SPOS
40
36651 36652 36653 36654 36655 36656 36657 36658 36659 36660 36661 36662 36663 36664 36665 36666 36667 36668 36669 36670 36671 36672 36673 36674 36675 36676 36677 36678 36679 36680 36681 36682 36683 36684 36685 36686 36687 36688 36689 36690 
WALL-2
1
S_WALL
0
0
1
SPOS
40
36691 36692 36693 36694 36695 36696 36697 36698 36699 36700 36701 36702 36703 36704 36705 36706 36707 36708 36709 36710 36711 36712 36713 36714 36715 36716 36717 36718 36719 36720 36721 36722 36723 36724 36725 36726 36727 36728 36729 36730 
0
