1
0
1
ASSEMBLY
3
PART-1
PART-1
WALL-1
WALL
WALL-2
WALL
3
PART-1
14
-2147483646
0
48 1 16 5 0 1 0 -1 -1 44832 1 -1879048189 1 44832 
14
48 1 16 5 0 1 0 -1 -1 44832 1 -1879048189 1 44832 
WALL-1
83
44833 1
44834 2
44835 3
44836 4
44837 5
44838 6
44839 7
44840 8
44841 9
44842 10
44843 11
44844 12
44845 13
44846 14
44847 15
44848 16
44849 17
44850 18
44851 19
44852 20
44853 21
44854 22
44855 23
44856 24
44857 25
44858 26
44859 27
44860 28
44861 29
44862 30
44863 31
44864 32
44865 33
44866 34
44867 35
44868 36
44869 37
44870 38
44871 39
44872 40
44873 41
44874 42
44875 43
44876 44
44877 45
44878 46
44879 47
44880 48
44881 49
44882 50
44883 51
44884 52
44885 53
44886 54
44887 55
44888 56
44889 57
44890 58
44891 59
44892 60
44893 61
44894 62
44895 63
44896 64
44897 65
44898 66
44899 67
44900 68
44901 69
44902 70
44903 71
44904 72
44905 73
44906 74
44907 75
44908 76
44909 77
44910 78
44911 79
44912 80
44913 81
44914 82
44915 83
-2147483647
WALL-2
83
44916 1
44917 2
44918 3
44919 4
44920 5
44921 6
44922 7
44923 8
44924 9
44925 10
44926 11
44927 12
44928 13
44929 14
44930 15
44931 16
44932 17
44933 18
44934 19
44935 20
44936 21
44937 22
44938 23
44939 24
44940 25
44941 26
44942 27
44943 28
44944 29
44945 30
44946 31
44947 32
44948 33
44949 34
44950 35
44951 36
44952 37
44953 38
44954 39
44955 40
44956 41
44957 42
44958 43
44959 44
44960 45
44961 46
44962 47
44963 48
44964 49
44965 50
44966 51
44967 52
44968 53
44969 54
44970 55
44971 56
44972 57
44973 58
44974 59
44975 60
44976 61
44977 62
44978 63
44979 64
44980 65
44981 66
44982 67
44983 68
44984 69
44985 70
44986 71
44987 72
44988 73
44989 74
44990 75
44991 76
44992 77
44993 78
44994 79
44995 80
44996 81
44997 82
44998 83
-2147483647
0
3
PART-1
14
-2147483646
0
48 1 16 5 0 1 0 -1 -1 36565 1 -1879048189 1 36565 
14
48 1 16 5 0 1 0 -1 -1 36565 1 -1879048189 1 36565 
WALL-1
40
36566 1
36567 2
36568 3
36569 4
36570 5
36571 6
36572 7
36573 8
36574 9
36575 10
36576 11
36577 12
36578 13
36579 14
36580 15
36581 16
36582 17
36583 18
36584 19
36585 20
36586 21
36587 22
36588 23
36589 24
36590 25
36591 26
36592 27
36593 28
36594 29
36595 30
36596 31
36597 32
36598 33
36599 34
36600 35
36601 36
36602 37
36603 38
36604 39
36605 40
-2147483647
WALL-2
40
36606 1
36607 2
36608 3
36609 4
36610 5
36611 6
36612 7
36613 8
36614 9
36615 10
36616 11
36617 12
36618 13
36619 14
36620 15
36621 16
36622 17
36623 18
36624 19
36625 20
36626 21
36627 22
36628 23
36629 24
36630 25
36631 26
36632 27
36633 28
36634 29
36635 30
36636 31
36637 32
36638 33
36639 34
36640 35
36641 36
36642 37
36643 38
36644 39
36645 40
-2147483647
0
1
 PIBATCH
0
2
0
3
PART-1
14
-2147483647
48 1 16 5 0 1 0 -1 -1 36565 1 -1879048189 1 36565 
WALL-1
40
36566 36567 36568 36569 36570 36571 36572 36573 36574 36575 36576 36577 36578 36579 36580 36581 36582 36583 36584 36585 36586 36587 36588 36589 36590 36591 36592 36593 36594 36595 36596 36597 36598 36599 36600 36601 36602 36603 36604 36605 
WALL-2
40
36606 36607 36608 36609 36610 36611 36612 36613 36614 36615 36616 36617 36618 36619 36620 36621 36622 36623 36624 36625 36626 36627 36628 36629 36630 36631 36632 36633 36634 36635 36636 36637 36638 36639 36640 36641 36642 36643 36644 36645 
0
3
PART-1
23
 P       1 PIBATCH
0
2
14
-2147483647
48 1 16 5 0 1 0 -1 -1 36565 1 -1879048189 1 36565 
0
0
BACK
0
1
17
-2147483647
60 1 16 8 0 1 0 -1 -1 7313 2 -1879048188 -1879048186 1 1554 30807 5759 
0
0
BOTTOM
0
1
255
1 223 445 667 889 1111 1333 1555 1777 1999 2221 2443 2665 2887 3109 3331 3553 3775 3997 4219 4441 4663 4885 5107 5329 5551 5773 5995 6217 6439 6661 6883 7105 7327 7549 7809 7810 7811 7813 7814 7816 7818 7819 7822 7824 7826 7829 7887 7888 7889 7892 7998 8001 8002 8004 8005 8006 8007 8008 8009 8010 8011 8012 8013 8014 8015 8016 8017 8018 8019 8020 8021 8022 8023 8024 8026 8028 8210 13362 13568 13569 13570 13572 13573 13575 13577 13578 13581 13583 13585 13588 13646 13647 13648 13651 13757 13760 13761 13763 13764 13765 13766 13767 13768 13769 13770 13771 13772 13773 13774 13775 13776 13777 13778 13779 13780 13781 13782 13783 13785 13787 13969 19121 19327 19328 19329 19331 19332 19334 19336 19337 19340 19342 19344 19347 19405 19406 19407 19410 19516 19519 19520 19522 19523 19524 19525 19526 19527 19528 19529 19530 19531 19532 19533 19534 19535 19536 19537 19538 19539 19540 19541 19542 19544 19546 19728 24880 25086 25087 25088 25090 25091 25093 25095 25096 25099 25101 25103 25106 25164 25165 25166 25169 25275 25278 25279 25281 25282 25283 25284 25285 25286 25287 25288 25289 25290 25291 25292 25293 25294 25295 25296 25297 25298 25299 25300 25301 25303 25305 25487 30639 30845 30846 30847 30849 30850 30852 30854 30855 30858 30860 30862 30865 30923 30924 30925 30928 31034 31037 31038 31040 31041 31042 31043 31044 31045 31046 31047 31048 31049 31050 31051 31052 31053 31054 31055 31056 31057 31058 31059 31060 31062 31064 31246 36398 
0
0
CORTEX
0
1
14
-2147483647
48 1 16 5 0 1 0 -1 -1 7770 1 -1879048189 1 7770 
0
0
CORTEX_FRONT
0
1
14
-2147483647
48 1 16 5 0 1 0 -1 -1 1554 1 -1879048189 6217 1554 
0
0
CORTEX_TOP
0
1
16
-2147483647
56 1 16 7 0 1 0 -1 -1 1110 1 -1342177277 1333 222 5 1554 
0
0
INTERFACE
0
1
46
-2147483647
176 1 16 37 0 1 0 -1 -1 444 2 -1073741820 -1073741811 6217 224 -1 -1 -1 -1 -1 -1 1073741823 7753 704 -2147483648 62838 -1878990848 42 0 0 33816576 82706432 -607125504 -1249954969 464087893 -288393557 2079055354 146167 -1789652736 1498062088 -1790105555 1246922089 -1589048795 1351877762 -1288550707 33036 
0
0
INTERFACE-EDGE
0
1
46
-2147483647
176 1 16 37 0 1 0 -1 -1 444 2 -1073741820 -1073741811 6217 224 -1 -1 -1 -1 -1 -1 1073741823 7753 704 -2147483648 62838 -1878990848 42 0 0 33816576 82706432 -607125504 -1249954969 464087893 -288393557 2079055354 146167 -1789652736 1498062088 -1790105555 1246922089 -1589048795 1351877762 -1288550707 33036 
0
0
SIDE-1
0
1
215
222 444 666 888 1110 1332 1554 1776 1998 2220 2442 2664 2886 3108 3330 3552 3774 3996 4218 4440 4662 4884 5106 5328 5550 5772 5994 6216 6438 6660 6882 7104 7326 7548 7770 7771 7809 7833 7863 7871 7883 7885 7997 8186 8187 8189 8190 8191 8192 8193 8194 8195 8196 8197 8198 8199 8200 8201 8202 8203 8204 8206 8207 8461 8471 8704 8705 8706 13357 13363 13365 13530 13568 13592 13622 13630 13642 13644 13756 13945 13946 13948 13949 13950 13951 13952 13953 13954 13955 13956 13957 13958 13959 13960 13961 13962 13963 13965 13966 14220 14230 14463 14464 14465 19116 19122 19124 19289 19327 19351 19381 19389 19401 19403 19515 19704 19705 19707 19708 19709 19710 19711 19712 19713 19714 19715 19716 19717 19718 19719 19720 19721 19722 19724 19725 19979 19989 20222 20223 20224 24875 24881 24883 25048 25086 25110 25140 25148 25160 25162 25274 25463 25464 25466 25467 25468 25469 25470 25471 25472 25473 25474 25475 25476 25477 25478 25479 25480 25481 25483 25484 25738 25748 25981 25982 25983 30634 30640 30642 30807 30845 30869 30899 30907 30919 30921 31033 31222 31223 31225 31226 31227 31228 31229 31230 31231 31232 31233 31234 31235 31236 31237 31238 31239 31240 31242 31243 31497 31507 31740 31741 31742 36393 36399 36401 
0
0
SIDE-2
0
1
255
1 223 445 667 889 1111 1333 1555 1777 1999 2221 2443 2665 2887 3109 3331 3553 3775 3997 4219 4441 4663 4885 5107 5329 5551 5773 5995 6217 6439 6661 6883 7105 7327 7549 7809 7810 7811 7813 7814 7816 7818 7819 7822 7824 7826 7829 7887 7888 7889 7892 7998 8001 8002 8004 8005 8006 8007 8008 8009 8010 8011 8012 8013 8014 8015 8016 8017 8018 8019 8020 8021 8022 8023 8024 8026 8028 8210 13362 13568 13569 13570 13572 13573 13575 13577 13578 13581 13583 13585 13588 13646 13647 13648 13651 13757 13760 13761 13763 13764 13765 13766 13767 13768 13769 13770 13771 13772 13773 13774 13775 13776 13777 13778 13779 13780 13781 13782 13783 13785 13787 13969 19121 19327 19328 19329 19331 19332 19334 19336 19337 19340 19342 19344 19347 19405 19406 19407 19410 19516 19519 19520 19522 19523 19524 19525 19526 19527 19528 19529 19530 19531 19532 19533 19534 19535 19536 19537 19538 19539 19540 19541 19542 19544 19546 19728 24880 25086 25087 25088 25090 25091 25093 25095 25096 25099 25101 25103 25106 25164 25165 25166 25169 25275 25278 25279 25281 25282 25283 25284 25285 25286 25287 25288 25289 25290 25291 25292 25293 25294 25295 25296 25297 25298 25299 25300 25301 25303 25305 25487 30639 30845 30846 30847 30849 30850 30852 30854 30855 30858 30860 30862 30865 30923 30924 30925 30928 31034 31037 31038 31040 31041 31042 31043 31044 31045 31046 31047 31048 31049 31050 31051 31052 31053 31054 31055 31056 31057 31058 31059 31060 31062 31064 31246 36398 
0
0
SUBCORTEX
0
1
14
-2147483647
48 1 16 5 0 1 0 -1 -1 28795 1 -1879048189 7771 28795 
0
0
SUBCORTEX_FRONT
0
1
14
-2147483647
48 1 16 5 0 1 0 -1 -1 5759 1 -1879048189 7771 5759 
0
0
TOP-EDGE
0
1
222
7549 7550 7551 7552 7553 7554 7555 7556 7557 7558 7559 7560 7561 7562 7563 7564 7565 7566 7567 7568 7569 7570 7571 7572 7573 7574 7575 7576 7577 7578 7579 7580 7581 7582 7583 7584 7585 7586 7587 7588 7589 7590 7591 7592 7593 7594 7595 7596 7597 7598 7599 7600 7601 7602 7603 7604 7605 7606 7607 7608 7609 7610 7611 7612 7613 7614 7615 7616 7617 7618 7619 7620 7621 7622 7623 7624 7625 7626 7627 7628 7629 7630 7631 7632 7633 7634 7635 7636 7637 7638 7639 7640 7641 7642 7643 7644 7645 7646 7647 7648 7649 7650 7651 7652 7653 7654 7655 7656 7657 7658 7659 7660 7661 7662 7663 7664 7665 7666 7667 7668 7669 7670 7671 7672 7673 7674 7675 7676 7677 7678 7679 7680 7681 7682 7683 7684 7685 7686 7687 7688 7689 7690 7691 7692 7693 7694 7695 7696 7697 7698 7699 7700 7701 7702 7703 7704 7705 7706 7707 7708 7709 7710 7711 7712 7713 7714 7715 7716 7717 7718 7719 7720 7721 7722 7723 7724 7725 7726 7727 7728 7729 7730 7731 7732 7733 7734 7735 7736 7737 7738 7739 7740 7741 7742 7743 7744 7745 7746 7747 7748 7749 7750 7751 7752 7753 7754 7755 7756 7757 7758 7759 7760 7761 7762 7763 7764 7765 7766 7767 7768 7769 7770 
0
0
WHOLE-DOMAIN
0
1
14
-2147483647
48 1 16 5 0 1 0 -1 -1 36565 1 -1879048189 1 36565 
0
0
_CORTEX_S_S1
0
2
14
-2147483647
48 1 16 5 0 1 0 -1 -1 1554 1 -1879048189 6217 1554 
0
0
_INTERFACE_S_S3
0
2
16
-2147483647
56 1 16 7 0 1 0 -1 -1 1110 1 -1342177277 1 222 5 1554 
0
0
_SIDE1_S_S4
0
2
95
222 444 666 888 1110 1332 1554 1776 1998 2220 2442 2664 2886 3108 3330 3552 3774 3996 4218 4440 4662 4884 5106 5328 5550 5772 5994 6216 6438 6660 6882 7104 7326 7548 7770 7809 8186 8187 8207 8461 8471 8704 8705 8706 13357 13363 13365 13568 13945 13946 13966 14220 14230 14463 14464 14465 19116 19122 19124 19327 19704 19705 19725 19979 19989 20222 20223 20224 24875 24881 24883 25086 25463 25464 25484 25738 25748 25981 25982 25983 30634 30640 30642 30845 31222 31223 31243 31497 31507 31740 31741 31742 36393 36399 36401 
0
0
_SIDE1_S_S6
0
2
120
7771 7833 7863 7871 7883 7885 7997 8189 8190 8191 8192 8193 8194 8195 8196 8197 8198 8199 8200 8201 8202 8203 8204 8206 13530 13592 13622 13630 13642 13644 13756 13948 13949 13950 13951 13952 13953 13954 13955 13956 13957 13958 13959 13960 13961 13962 13963 13965 19289 19351 19381 19389 19401 19403 19515 19707 19708 19709 19710 19711 19712 19713 19714 19715 19716 19717 19718 19719 19720 19721 19722 19724 25048 25110 25140 25148 25160 25162 25274 25466 25467 25468 25469 25470 25471 25472 25473 25474 25475 25476 25477 25478 25479 25480 25481 25483 30807 30869 30899 30907 30919 30921 31033 31225 31226 31227 31228 31229 31230 31231 31232 31233 31234 31235 31236 31237 31238 31239 31240 31242 
0
0
_SIDE2_S_S3
0
2
115
7809 7810 7811 7813 7814 7816 7818 7819 7822 7824 7888 7889 8014 8015 8016 8017 8018 8019 8020 8021 8022 8023 8210 13568 13569 13570 13572 13573 13575 13577 13578 13581 13583 13647 13648 13773 13774 13775 13776 13777 13778 13779 13780 13781 13782 13969 19327 19328 19329 19331 19332 19334 19336 19337 19340 19342 19406 19407 19532 19533 19534 19535 19536 19537 19538 19539 19540 19541 19728 25086 25087 25088 25090 25091 25093 25095 25096 25099 25101 25165 25166 25291 25292 25293 25294 25295 25296 25297 25298 25299 25300 25487 30845 30846 30847 30849 30850 30852 30854 30855 30858 30860 30924 30925 31050 31051 31052 31053 31054 31055 31056 31057 31058 31059 31246 
0
0
_SIDE2_S_S5
0
2
105
7826 7829 7887 7892 7998 8001 8002 8004 8005 8006 8007 8008 8009 8010 8011 8012 8013 8024 8026 8028 13362 13585 13588 13646 13651 13757 13760 13761 13763 13764 13765 13766 13767 13768 13769 13770 13771 13772 13783 13785 13787 19121 19344 19347 19405 19410 19516 19519 19520 19522 19523 19524 19525 19526 19527 19528 19529 19530 19531 19542 19544 19546 24880 25103 25106 25164 25169 25275 25278 25279 25281 25282 25283 25284 25285 25286 25287 25288 25289 25290 25301 25303 25305 30639 30862 30865 30923 30928 31034 31037 31038 31040 31041 31042 31043 31044 31045 31046 31047 31048 31049 31060 31062 31064 36398 
0
0
_SIDE2_S_S6
0
2
35
1 223 445 667 889 1111 1333 1555 1777 1999 2221 2443 2665 2887 3109 3331 3553 3775 3997 4219 4441 4663 4885 5107 5329 5551 5773 5995 6217 6439 6661 6883 7105 7327 7549 
0
0
_SUBCORTEX_S_S1
0
2
14
-2147483647
48 1 16 5 0 1 0 -1 -1 5759 1 -1879048189 7771 5759 
0
0
_TOP_S_S5
0
2
16
-2147483647
56 1 16 7 0 1 0 -1 -1 1110 1 -1342177277 1333 222 5 1554 
0
0
0
WALL-1
3
 P       2 PIBATCH
0
2
40
36566 36567 36568 36569 36570 36571 36572 36573 36574 36575 36576 36577 36578 36579 36580 36581 36582 36583 36584 36585 36586 36587 36588 36589 36590 36591 36592 36593 36594 36595 36596 36597 36598 36599 36600 36601 36602 36603 36604 36605 
0
0
WALL
0
1
40
36566 36567 36568 36569 36570 36571 36572 36573 36574 36575 36576 36577 36578 36579 36580 36581 36582 36583 36584 36585 36586 36587 36588 36589 36590 36591 36592 36593 36594 36595 36596 36597 36598 36599 36600 36601 36602 36603 36604 36605 
0
0
_S_WALL_SPOS
0
2
40
36566 36567 36568 36569 36570 36571 36572 36573 36574 36575 36576 36577 36578 36579 36580 36581 36582 36583 36584 36585 36586 36587 36588 36589 36590 36591 36592 36593 36594 36595 36596 36597 36598 36599 36600 36601 36602 36603 36604 36605 
0
0
0
WALL-2
3
 P       3 PIBATCH
0
2
40
36606 36607 36608 36609 36610 36611 36612 36613 36614 36615 36616 36617 36618 36619 36620 36621 36622 36623 36624 36625 36626 36627 36628 36629 36630 36631 36632 36633 36634 36635 36636 36637 36638 36639 36640 36641 36642 36643 36644 36645 
0
0
WALL
0
1
40
36606 36607 36608 36609 36610 36611 36612 36613 36614 36615 36616 36617 36618 36619 36620 36621 36622 36623 36624 36625 36626 36627 36628 36629 36630 36631 36632 36633 36634 36635 36636 36637 36638 36639 36640 36641 36642 36643 36644 36645 
0
0
_S_WALL_SPOS
0
2
40
36606 36607 36608 36609 36610 36611 36612 36613 36614 36615 36616 36617 36618 36619 36620 36621 36622 36623 36624 36625 36626 36627 36628 36629 36630 36631 36632 36633 36634 36635 36636 36637 36638 36639 36640 36641 36642 36643 36644 36645 
0
0
0
1
 PIBATCH
0
2
0
3
PART-1
14
-2147483647
48 1 16 5 0 1 0 -1 -1 44832 1 -1879048189 1 44832 
WALL-1
83
44833 44834 44835 44836 44837 44838 44839 44840 44841 44842 44843 44844 44845 44846 44847 44848 44849 44850 44851 44852 44853 44854 44855 44856 44857 44858 44859 44860 44861 44862 44863 44864 44865 44866 44867 44868 44869 44870 44871 44872 44873 44874 44875 44876 44877 44878 44879 44880 44881 44882 44883 44884 44885 44886 44887 44888 44889 44890 44891 44892 44893 44894 44895 44896 44897 44898 44899 44900 44901 44902 44903 44904 44905 44906 44907 44908 44909 44910 44911 44912 44913 44914 44915 
WALL-2
83
44916 44917 44918 44919 44920 44921 44922 44923 44924 44925 44926 44927 44928 44929 44930 44931 44932 44933 44934 44935 44936 44937 44938 44939 44940 44941 44942 44943 44944 44945 44946 44947 44948 44949 44950 44951 44952 44953 44954 44955 44956 44957 44958 44959 44960 44961 44962 44963 44964 44965 44966 44967 44968 44969 44970 44971 44972 44973 44974 44975 44976 44977 44978 44979 44980 44981 44982 44983 44984 44985 44986 44987 44988 44989 44990 44991 44992 44993 44994 44995 44996 44997 44998 
0
3
PART-1
15
 P       1 PIBATCH
0
2
14
-2147483647
48 1 16 5 0 1 0 -1 -1 44832 1 -1879048189 1 44832 
0
0
BACK
0
1
23
-2147483647
84 1 16 14 0 1 0 -1 -1 7472 4 -1879048186 -1879048184 -1879048182 -1879048180 1 4 10 455 1017 1404 11172 5609 
0
0
BOTTOM
0
1
36
-2147483647
136 1 16 27 0 1 0 -1 -1 312 8 -1610612726 -1879048179 -1879048177 -1879048175 -1879048173 -1879048171 -1879048169 -1879048167 1 2 3 7 4 459 6 913 14 935 43 1013 47 3747 24 16921 172 
0
0
CORTEX
0
1
23
-2147483647
84 1 16 14 0 1 0 -1 -1 10704 4 -1879048186 -1879048184 -1879048182 -1879048180 1 8 11 924 1095 4468 17093 5304 
0
0
CORTEX_FRONT
0
1
20
-2147483647
72 1 16 11 0 1 0 -1 -1 1784 3 -1879048187 -1879048185 -1879048183 5 4 465 454 2421 1326 
0
0
CORTEX_TOP
0
1
29
-2147483647
108 1 16 20 0 1 0 -1 -1 1338 4 -1342177274 -1342177270 -1342177266 -1879048174 3 2 2 3 238 221 2 454 919 4 2 8 4679 884 
0
0
INTERFACE
0
1
223
5 8 465 466 467 468 469 470 471 472 473 474 475 476 477 478 479 480 481 482 483 484 485 486 487 488 489 490 491 492 493 494 495 496 497 498 499 500 501 502 503 504 505 506 507 508 509 510 511 512 513 514 515 516 517 518 519 520 521 522 523 524 525 526 527 528 529 530 531 532 533 534 535 536 537 538 539 540 541 542 543 544 545 546 547 548 549 550 551 552 553 554 555 556 557 558 559 560 561 562 563 564 565 566 567 568 569 570 571 572 573 574 575 576 577 578 579 580 581 582 583 584 585 586 587 588 589 590 591 592 593 594 595 596 597 598 599 600 601 602 603 604 605 606 607 608 609 610 611 612 613 614 615 616 617 618 619 620 621 622 623 624 625 626 627 628 629 630 631 632 633 634 635 636 637 638 639 640 641 642 643 644 645 646 647 648 649 650 651 652 653 654 655 656 657 658 659 660 661 662 663 664 665 666 667 668 669 670 671 672 673 674 675 676 677 678 679 680 681 682 683 684 685 
0
0
INTERFACE-EDGE
0
1
223
5 8 465 466 467 468 469 470 471 472 473 474 475 476 477 478 479 480 481 482 483 484 485 486 487 488 489 490 491 492 493 494 495 496 497 498 499 500 501 502 503 504 505 506 507 508 509 510 511 512 513 514 515 516 517 518 519 520 521 522 523 524 525 526 527 528 529 530 531 532 533 534 535 536 537 538 539 540 541 542 543 544 545 546 547 548 549 550 551 552 553 554 555 556 557 558 559 560 561 562 563 564 565 566 567 568 569 570 571 572 573 574 575 576 577 578 579 580 581 582 583 584 585 586 587 588 589 590 591 592 593 594 595 596 597 598 599 600 601 602 603 604 605 606 607 608 609 610 611 612 613 614 615 616 617 618 619 620 621 622 623 624 625 626 627 628 629 630 631 632 633 634 635 636 637 638 639 640 641 642 643 644 645 646 647 648 649 650 651 652 653 654 655 656 657 658 659 660 661 662 663 664 665 666 667 668 669 670 671 672 673 674 675 676 677 678 679 680 681 682 683 684 685 
0
0
NODE
0
1
1
7 
0
0
SIDE-1
0
1
39
-2147483647
148 1 16 30 0 1 0 -1 -1 264 8 -1342177270 -1879048178 -1342177264 -1879048172 -1879048170 -1879048168 -1879048166 -1879048164 2 2 2 3 9 2 232 6 2 454 927 8 978 39 1060 35 3771 24 16781 140 
0
0
SIDE-2
0
1
36
-2147483647
136 1 16 27 0 1 0 -1 -1 312 8 -1610612726 -1879048179 -1879048177 -1879048175 -1879048173 -1879048171 -1879048169 -1879048167 1 2 3 7 4 459 6 913 14 935 43 1013 47 3747 24 16921 172 
0
0
SUBCORTEX
0
1
38
-2147483647
144 1 16 29 0 1 0 -1 -1 35466 9 -1879048181 -1879048179 -1879048177 -1879048175 -1879048173 -1879048171 -1879048169 -1879048167 -1879048165 1 2 5 1 8 224 465 221 923 4 931 164 3795 884 5563 11530 22397 22436 
0
0
SUBCORTEX_FRONT
0
1
26
-2147483647
96 1 16 17 0 1 0 -1 -1 5911 5 -1879048185 -1879048183 -1879048181 -1879048179 -1879048177 5 1 8 2 465 221 935 78 5563 5609 
0
0
TOP-EDGE
0
1
223
6 7 692 693 694 695 696 697 698 699 700 701 702 703 704 705 706 707 708 709 710 711 712 713 714 715 716 717 718 719 720 721 722 723 724 725 726 727 728 729 730 731 732 733 734 735 736 737 738 739 740 741 742 743 744 745 746 747 748 749 750 751 752 753 754 755 756 757 758 759 760 761 762 763 764 765 766 767 768 769 770 771 772 773 774 775 776 777 778 779 780 781 782 783 784 785 786 787 788 789 790 791 792 793 794 795 796 797 798 799 800 801 802 803 804 805 806 807 808 809 810 811 812 813 814 815 816 817 818 819 820 821 822 823 824 825 826 827 828 829 830 831 832 833 834 835 836 837 838 839 840 841 842 843 844 845 846 847 848 849 850 851 852 853 854 855 856 857 858 859 860 861 862 863 864 865 866 867 868 869 870 871 872 873 874 875 876 877 878 879 880 881 882 883 884 885 886 887 888 889 890 891 892 893 894 895 896 897 898 899 900 901 902 903 904 905 906 907 908 909 910 911 912 
0
0
WHOLE-DOMAIN
0
1
14
-2147483647
48 1 16 5 0 1 0 -1 -1 44832 1 -1879048189 1 44832 
0
0
0
WALL-1
3
 P       2 PIBATCH
0
2
83
44833 44834 44835 44836 44837 44838 44839 44840 44841 44842 44843 44844 44845 44846 44847 44848 44849 44850 44851 44852 44853 44854 44855 44856 44857 44858 44859 44860 44861 44862 44863 44864 44865 44866 44867 44868 44869 44870 44871 44872 44873 44874 44875 44876 44877 44878 44879 44880 44881 44882 44883 44884 44885 44886 44887 44888 44889 44890 44891 44892 44893 44894 44895 44896 44897 44898 44899 44900 44901 44902 44903 44904 44905 44906 44907 44908 44909 44910 44911 44912 44913 44914 44915 
0
0
REF
0
1
1
44915 
0
0
WALL-REFPT_
0
2
1
44915 
0
0
0
WALL-2
3
 P       3 PIBATCH
0
2
83
44916 44917 44918 44919 44920 44921 44922 44923 44924 44925 44926 44927 44928 44929 44930 44931 44932 44933 44934 44935 44936 44937 44938 44939 44940 44941 44942 44943 44944 44945 44946 44947 44948 44949 44950 44951 44952 44953 44954 44955 44956 44957 44958 44959 44960 44961 44962 44963 44964 44965 44966 44967 44968 44969 44970 44971 44972 44973 44974 44975 44976 44977 44978 44979 44980 44981 44982 44983 44984 44985 44986 44987 44988 44989 44990 44991 44992 44993 44994 44995 44996 44997 44998 
0
0
REF
0
1
1
44998 
0
0
WALL-REFPT_
0
2
1
44998 
0
0
0
3
PART-1
6
CORTEX_S
0
0
1
S1
14
-2147483647
48 1 16 5 0 1 0 -1 -1 1554 1 -1879048189 6217 1554 
INTERFACE_S
0
0
1
S3
16
-2147483647
56 1 16 7 0 1 0 -1 -1 1110 1 -1342177277 1 222 5 1554 
SIDE1_S
0
0
2
S6
120
7771 7833 7863 7871 7883 7885 7997 8189 8190 8191 8192 8193 8194 8195 8196 8197 8198 8199 8200 8201 8202 8203 8204 8206 13530 13592 13622 13630 13642 13644 13756 13948 13949 13950 13951 13952 13953 13954 13955 13956 13957 13958 13959 13960 13961 13962 13963 13965 19289 19351 19381 19389 19401 19403 19515 19707 19708 19709 19710 19711 19712 19713 19714 19715 19716 19717 19718 19719 19720 19721 19722 19724 25048 25110 25140 25148 25160 25162 25274 25466 25467 25468 25469 25470 25471 25472 25473 25474 25475 25476 25477 25478 25479 25480 25481 25483 30807 30869 30899 30907 30919 30921 31033 31225 31226 31227 31228 31229 31230 31231 31232 31233 31234 31235 31236 31237 31238 31239 31240 31242 
S4
95
222 444 666 888 1110 1332 1554 1776 1998 2220 2442 2664 2886 3108 3330 3552 3774 3996 4218 4440 4662 4884 5106 5328 5550 5772 5994 6216 6438 6660 6882 7104 7326 7548 7770 7809 8186 8187 8207 8461 8471 8704 8705 8706 13357 13363 13365 13568 13945 13946 13966 14220 14230 14463 14464 14465 19116 19122 19124 19327 19704 19705 19725 19979 19989 20222 20223 20224 24875 24881 24883 25086 25463 25464 25484 25738 25748 25981 25982 25983 30634 30640 30642 30845 31222 31223 31243 31497 31507 31740 31741 31742 36393 36399 36401 
SIDE2_S
0
0
3
S6
35
1 223 445 667 889 1111 1333 1555 1777 1999 2221 2443 2665 2887 3109 3331 3553 3775 3997 4219 4441 4663 4885 5107 5329 5551 5773 5995 6217 6439 6661 6883 7105 7327 7549 
S3
115
7809 7810 7811 7813 7814 7816 7818 7819 7822 7824 7888 7889 8014 8015 8016 8017 8018 8019 8020 8021 8022 8023 8210 13568 13569 13570 13572 13573 13575 13577 13578 13581 13583 13647 13648 13773 13774 13775 13776 13777 13778 13779 13780 13781 13782 13969 19327 19328 19329 19331 19332 19334 19336 19337 19340 19342 19406 19407 19532 19533 19534 19535 19536 19537 19538 19539 19540 19541 19728 25086 25087 25088 25090 25091 25093 25095 25096 25099 25101 25165 25166 25291 25292 25293 25294 25295 25296 25297 25298 25299 25300 25487 30845 30846 30847 30849 30850 30852 30854 30855 30858 30860 30924 30925 31050 31051 31052 31053 31054 31055 31056 31057 31058 31059 31246 
S5
105
7826 7829 7887 7892 7998 8001 8002 8004 8005 8006 8007 8008 8009 8010 8011 8012 8013 8024 8026 8028 13362 13585 13588 13646 13651 13757 13760 13761 13763 13764 13765 13766 13767 13768 13769 13770 13771 13772 13783 13785 13787 19121 19344 19347 19405 19410 19516 19519 19520 19522 19523 19524 19525 19526 19527 19528 19529 19530 19531 19542 19544 19546 24880 25103 25106 25164 25169 25275 25278 25279 25281 25282 25283 25284 25285 25286 25287 25288 25289 25290 25301 25303 25305 30639 30862 30865 30923 30928 31034 31037 31038 31040 31041 31042 31043 31044 31045 31046 31047 31048 31049 31060 31062 31064 36398 
SUBCORTEX_S
0
0
1
S1
14
-2147483647
48 1 16 5 0 1 0 -1 -1 5759 1 -1879048189 7771 5759 
TOP_S
0
0
1
S5
16
-2147483647
56 1 16 7 0 1 0 -1 -1 1110 1 -1342177277 1333 222 5 1554 
WALL-1
1
S_WALL
0
0
1
SPOS
40
36566 36567 36568 36569 36570 36571 36572 36573 36574 36575 36576 36577 36578 36579 36580 36581 36582 36583 36584 36585 36586 36587 36588 36589 36590 36591 36592 36593 36594 36595 36596 36597 36598 36599 36600 36601 36602 36603 36604 36605 
WALL-2
1
S_WALL
0
0
1
SPOS
40
36606 36607 36608 36609 36610 36611 36612 36613 36614 36615 36616 36617 36618 36619 36620 36621 36622 36623 36624 36625 36626 36627 36628 36629 36630 36631 36632 36633 36634 36635 36636 36637 36638 36639 36640 36641 36642 36643 36644 36645 
0
